// Vitest Snapshot v1, https://vitest.dev/guide/snapshot.html

exports[`recipe: Dropdown (multi-component) > emits the expected shortcut tuples across all four components 1`] = `
[
  [
    "dropdown-trigger",
    "inline-flex items-center justify-between gap-2 rounded-md border border-gray-300 bg-white px-3 py-2 text-sm font-medium text-gray-700 shadow-sm hover:bg-gray-50 focus-visible:outline-none focus-visible:ring-2 focus-visible:ring-blue-500",
  ],
  [
    "dropdown-menu",
    "absolute z-10 mt-2 min-w-40 origin-top-right rounded-md bg-white py-1 shadow-lg ring-1 ring-black/5",
  ],
  [
    "dropdown-menu-align-start",
    "left-0",
  ],
  [
    "dropdown-menu-align-end",
    "right-0",
  ],
  [
    "dropdown-item",
    "block w-full px-4 py-2 text-left text-sm text-gray-700 hover:bg-gray-100 focus:bg-gray-100 focus:outline-none disabled:text-gray-400 disabled:cursor-not-allowed",
  ],
  [
    "dropdown-item-danger",
    "text-red-700 hover:bg-red-50 focus:bg-red-50",
  ],
  [
    "dropdown-divider",
    "my-1 border-t-px border-gray-200",
  ],
]
`;
