// Vitest Snapshot v1, https://vitest.dev/guide/snapshot.html

exports[`recipe: Spinner > emits the expected shortcut tuples 1`] = `
[
  [
    "spinner",
    "inline-block rounded-full border-current border-solid animate-spin",
  ],
  [
    "spinner-s-sm",
    "w-4 h-4 border-2 border-r-transparent",
  ],
  [
    "spinner-s-md",
    "w-6 h-6 border-2 border-r-transparent",
  ],
  [
    "spinner-s-lg",
    "w-10 h-10 border-4 border-r-transparent",
  ],
  [
    "spinner-c-primary",
    "text-blue-600",
  ],
  [
    "spinner-c-muted",
    "text-gray-400",
  ],
  [
    "spinner-c-danger",
    "text-red-600",
  ],
]
`;
